Namespace Test Summary:
-----------------------
mu         backquote      total: 20       passed: 19       failed: 0        exceptions: 1       
mu         compile        total: 8        passed: 8        failed: 0        exceptions: 0       
mu         core           total: 32       passed: 32       failed: 0        exceptions: 0       
mu         exception      total: 4        passed: 4        failed: 0        exceptions: 0       
mu         list           total: 22       passed: 22       failed: 0        exceptions: 0       
mu         namespace      total: 13       passed: 13       failed: 0        exceptions: 0       
mu         number         total: 34       passed: 34       failed: 0        exceptions: 0       
mu         reader         total: 41       passed: 41       failed: 0        exceptions: 0       
mu         special-form   total: 11       passed: 11       failed: 0        exceptions: 0       
mu         stream         total: 10       passed: 10       failed: 0        exceptions: 0       
mu         struct         total: 7        passed: 7        failed: 0        exceptions: 0       
mu         symbol         total: 8        passed: 8        failed: 0        exceptions: 0       
mu         vector         total: 23       passed: 23       failed: 0        exceptions: 0       
-----------------------
mu         passed: 232    total: 233      failed: 0        exceptions: 1         

Namespace Test Summary:
-----------------------
core       backquote      total: 20       passed: 3        failed: 0        exceptions: 17      
core       closure        total: 1        passed: 1        failed: 0        exceptions: 0       
core       compile        total: 22       passed: 22       failed: 0        exceptions: 0       
core       core           total: 21       passed: 21       failed: 0        exceptions: 0       
core       exception      total: 7        passed: 7        failed: 0        exceptions: 0       
core       fixnum         total: 18       passed: 18       failed: 0        exceptions: 0       
core       format         total: 15       passed: 15       failed: 0        exceptions: 0       
core       lambda         total: 23       passed: 23       failed: 0        exceptions: 0       
core       list           total: 77       passed: 77       failed: 0        exceptions: 0       
core       macro          total: 10       passed: 10       failed: 0        exceptions: 0       
core       reader         total: 59       passed: 59       failed: 0        exceptions: 0       
core       sequence       total: 2        passed: 2        failed: 0        exceptions: 0       
core       stream         total: 22       passed: 22       failed: 0        exceptions: 0       
core       string         total: 20       passed: 20       failed: 0        exceptions: 0       
core       symbol         total: 2        passed: 2        failed: 0        exceptions: 0       
core       types          total: 6        passed: 6        failed: 0        exceptions: 0       
core       vector         total: 1        passed: 1        failed: 0        exceptions: 0       
-----------------------
core       passed: 309    total: 326      failed: 0        exceptions: 17        

