Namespace Test Summary:
-----------------------
mu         backquote      total: 20       pass: 20       fail: 0        exceptions: 0       
mu         compile        total: 8        pass: 8        fail: 0        exceptions: 0       
mu         core           total: 57       pass: 57       fail: 0        exceptions: 0       
mu         exception      total: 4        pass: 4        fail: 0        exceptions: 0       
mu         list           total: 22       pass: 22       fail: 0        exceptions: 0       
mu         map            total: 10       pass: 10       fail: 0        exceptions: 0       
mu         namespace      total: 14       pass: 14       fail: 0        exceptions: 0       
mu         number         total: 35       pass: 35       fail: 0        exceptions: 0       
mu         reader         total: 41       pass: 41       fail: 0        exceptions: 0       
mu         special-form   total: 11       pass: 11       fail: 0        exceptions: 0       
mu         stream         total: 10       pass: 10       fail: 0        exceptions: 0       
mu         struct         total: 7        pass: 7        fail: 0        exceptions: 0       
mu         symbol         total: 12       pass: 12       fail: 0        exceptions: 0       
mu         vector         total: 23       pass: 23       fail: 0        exceptions: 0       
-----------------------
mu                        total: 274      pass: 274      fail: 0        exceptions: 0         

Namespace Test Summary:
-----------------------
prelude    backquote      total: 20       pass: 15       fail: 4        exceptions: 1       
prelude    boole          total: 16       pass: 16       fail: 0        exceptions: 0       
prelude    closure        total: 1        pass: 1        fail: 0        exceptions: 0       
prelude    compile        total: 22       pass: 22       fail: 0        exceptions: 0       
prelude    prelude        total: 19       pass: 19       fail: 0        exceptions: 0       
prelude    exception      total: 7        pass: 7        fail: 0        exceptions: 0       
prelude    fixnum         total: 19       pass: 19       fail: 0        exceptions: 0       
prelude    format         total: 15       pass: 15       fail: 0        exceptions: 0       
prelude    lambda         total: 23       pass: 23       fail: 0        exceptions: 0       
prelude    list           total: 77       pass: 77       fail: 0        exceptions: 0       
prelude    macro          total: 13       pass: 13       fail: 0        exceptions: 0       
prelude    reader         total: 62       pass: 62       fail: 0        exceptions: 0       
prelude    sequence       total: 2        pass: 2        fail: 0        exceptions: 0       
prelude    stream         total: 21       pass: 21       fail: 0        exceptions: 0       
prelude    string         total: 20       pass: 20       fail: 0        exceptions: 0       
prelude    symbol         total: 3        pass: 3        fail: 0        exceptions: 0       
prelude    sort           total: 14       pass: 14       fail: 0        exceptions: 0       
prelude    types          total: 44       pass: 44       fail: 0        exceptions: 0       
prelude    vector         total: 25       pass: 25       fail: 0        exceptions: 0       
-----------------------
prelude                   total: 423      pass: 418      fail: 4        exceptions: 1         

